!*** Generated with org.eclipse.dash.common.releng/tools/scripts/buildAllHelper.xml#dir2svnmap task
feature@org.jboss.tools.common.all.feature=SVN,,http://anonsvn.jboss.org/repos,,jbosstools/trunk/common/features/org.jboss.tools.common.all.feature
feature@org.jboss.tools.common.all.sdk.feature=SVN,,http://anonsvn.jboss.org/repos,,jbosstools/trunk/common/features/org.jboss.tools.common.all.sdk.feature
feature@org.jboss.tools.common.all.tests.feature=SVN,,http://anonsvn.jboss.org/repos,,jbosstools/trunk/common/features/org.jboss.tools.common.all.tests.feature

feature@org.jboss.tools.common.core.feature=SVN,,http://anonsvn.jboss.org/repos,,jbosstools/trunk/common/features/org.jboss.tools.common.core.feature
feature@org.jboss.tools.common.feature=SVN,,http://anonsvn.jboss.org/repos,,jbosstools/trunk/common/features/org.jboss.tools.common.feature
feature@org.jboss.tools.common.text.ext.feature=SVN,,http://anonsvn.jboss.org/repos,,jbosstools/trunk/common/features/org.jboss.tools.common.text.ext.feature
feature@org.jboss.tools.common.ui.feature=SVN,,http://anonsvn.jboss.org/repos,,jbosstools/trunk/common/features/org.jboss.tools.common.ui.feature
feature@org.jboss.tools.common.verification.feature=SVN,,http://anonsvn.jboss.org/repos,,jbosstools/trunk/common/features/org.jboss.tools.common.verification.feature

plugin@org.jboss.tools.common=SVN,,http://anonsvn.jboss.org/repos,,jbosstools/trunk/common/plugins/org.jboss.tools.common
plugin@org.jboss.tools.common.el.core=SVN,,http://anonsvn.jboss.org/repos,,jbosstools/trunk/common/plugins/org.jboss.tools.common.el.core
plugin@org.jboss.tools.common.el.ui=SVN,,http://anonsvn.jboss.org/repos,,jbosstools/trunk/common/plugins/org.jboss.tools.common.el.ui
plugin@org.jboss.tools.common.gef=SVN,,http://anonsvn.jboss.org/repos,,jbosstools/trunk/common/plugins/org.jboss.tools.common.gef
plugin@org.jboss.tools.common.meta.ui=SVN,,http://anonsvn.jboss.org/repos,,jbosstools/trunk/common/plugins/org.jboss.tools.common.meta.ui
plugin@org.jboss.tools.common.model=SVN,,http://anonsvn.jboss.org/repos,,jbosstools/trunk/common/plugins/org.jboss.tools.common.model
plugin@org.jboss.tools.common.model.ui=SVN,,http://anonsvn.jboss.org/repos,,jbosstools/trunk/common/plugins/org.jboss.tools.common.model.ui
plugin@org.jboss.tools.common.projecttemplates=SVN,,http://anonsvn.jboss.org/repos,,jbosstools/trunk/common/plugins/org.jboss.tools.common.projecttemplates
plugin@org.jboss.tools.common.resref.core=SVN,,http://anonsvn.jboss.org/repos,,jbosstools/trunk/common/plugins/org.jboss.tools.common.resref.core
plugin@org.jboss.tools.common.resref.ui=SVN,,http://anonsvn.jboss.org/repos,,jbosstools/trunk/common/plugins/org.jboss.tools.common.resref.ui
plugin@org.jboss.tools.common.text.ext=SVN,,http://anonsvn.jboss.org/repos,,jbosstools/trunk/common/plugins/org.jboss.tools.common.text.ext
plugin@org.jboss.tools.common.text.xml=SVN,,http://anonsvn.jboss.org/repos,,jbosstools/trunk/common/plugins/org.jboss.tools.common.text.xml
plugin@org.jboss.tools.common.verification=SVN,,http://anonsvn.jboss.org/repos,,jbosstools/trunk/common/plugins/org.jboss.tools.common.verification
plugin@org.jboss.tools.common.verification.ui=SVN,,http://anonsvn.jboss.org/repos,,jbosstools/trunk/common/plugins/org.jboss.tools.common.verification.ui
plugin@org.jboss.tools.common.el.core.test=SVN,,http://anonsvn.jboss.org/repos,,jbosstools/trunk/common/tests/org.jboss.tools.common.el.core.test
plugin@org.jboss.tools.common.model.test=SVN,,http://anonsvn.jboss.org/repos,,jbosstools/trunk/common/tests/org.jboss.tools.common.model.test
plugin@org.jboss.tools.common.model.ui.test=SVN,,http://anonsvn.jboss.org/repos,,jbosstools/trunk/common/tests/org.jboss.tools.common.model.ui.test
plugin@org.jboss.tools.common.test=SVN,,http://anonsvn.jboss.org/repos,,jbosstools/trunk/common/tests/org.jboss.tools.common.test
plugin@org.jboss.tools.common.text.ext.test=SVN,,http://anonsvn.jboss.org/repos,,jbosstools/trunk/common/tests/org.jboss.tools.common.text.ext.test
plugin@org.jboss.tools.common.verification.test=SVN,,http://anonsvn.jboss.org/repos,,jbosstools/trunk/common/tests/org.jboss.tools.common.verification.test
plugin@org.jboss.tools.common.verification.ui.test=SVN,,http://anonsvn.jboss.org/repos,,jbosstools/trunk/common/tests/org.jboss.tools.common.verification.ui.test

